srcHgDb	srcCommonName	srcScientificName	destHgDb	destCommonName	destScientificName	state	annotationType	chainType
mm10	Mouse	Mus musculus	hg19	Human	Homo sapiens	refseq	needed	syn
mm10	Mouse	Mus musculus	hg19	Human	Homo sapiens	ensembl	needed	syn
mm10	Mouse	Mus musculus	hg19	Human	Homo sapiens	rna	needed	syn
mm10	Mouse	Mus musculus	hg19	Human	Homo sapiens	est	needed	syn
hg19	Human	Homo sapiens	mm10	Mouse	Mus musculus	refseq	needed	syn
hg19	Human	Homo sapiens	mm10	Mouse	Mus musculus	ensembl	needed	syn
hg19	Human	Homo sapiens	mm10	Mouse	Mus musculus	rna	needed	syn
hg19	Human	Homo sapiens	mm10	Mouse	Mus musculus	est	needed	syn
